2026-02-03 08:10:06 Loading main app package /usr/lib/obsidian/obsidian.asar
2026-02-03 08:10:07 Checking for update using Github
2026-02-03 08:10:07 Success.
2026-02-03 08:10:07 Latest version is 1.11.5
2026-02-03 08:10:07 App is up to date.
2026-02-03 08:21:53 Loading main app package /usr/lib/obsidian/obsidian.asar
2026-02-03 08:21:53 Checking for update using Github
2026-02-03 08:21:53 Success.
2026-02-03 08:21:53 Latest version is 1.11.5
2026-02-03 08:21:53 App is up to date.
2026-02-03 08:22:23 Loading main app package /usr/lib/obsidian/obsidian.asar
2026-02-03 08:22:23 Checking for update using Github
2026-02-03 08:22:23 Success.
2026-02-03 08:22:23 Latest version is 1.11.5
2026-02-03 08:22:23 App is up to date.
2026-02-03 08:30:19 Loading main app package /usr/lib/obsidian/obsidian.asar
2026-02-03 08:30:19 Checking for update using Github
2026-02-03 08:30:20 Success.
2026-02-03 08:30:20 Latest version is 1.11.5
2026-02-03 08:30:20 App is up to date.
2026-02-03 08:30:26 Loading main app package /usr/lib/obsidian/obsidian.asar
2026-02-03 08:30:27 Checking for update using Github
2026-02-03 08:30:27 Success.
2026-02-03 08:30:27 Latest version is 1.11.5
2026-02-03 08:30:27 App is up to date.
2026-02-04 08:14:11 Loading main app package /usr/lib/obsidian/obsidian.asar
2026-02-04 08:14:11 Checking for update using Github
2026-02-04 08:14:12 Success.
2026-02-04 08:14:12 Latest version is 1.11.5
2026-02-04 08:14:12 App is up to date.
2026-02-04 10:57:26 Loading main app package /usr/lib/obsidian/obsidian.asar
2026-02-04 10:57:26 Checking for update using Github
2026-02-04 10:57:26 Success.
2026-02-04 10:57:26 Latest version is 1.11.5
2026-02-04 10:57:26 App is up to date.
2026-02-05 02:37:51 Loading main app package /usr/lib/obsidian/obsidian.asar
2026-02-05 02:37:51 Checking for update using Github
2026-02-05 02:37:52 Success.
2026-02-05 02:37:52 Latest version is 1.11.5
2026-02-05 02:37:52 App is up to date.
2026-02-17 10:26:17 Loading main app package /usr/lib/obsidian/obsidian.asar
2026-02-17 10:26:17 Checking for update using Github
2026-02-17 10:26:17 Success.
2026-02-17 10:26:17 Latest version is 1.11.7
2026-02-17 10:26:17 Downloading update from https://github.com/obsidianmd/obsidian-releases/releases/download/v1.11.7/obsidian-1.11.7.asar.gz
2026-02-17 10:26:18 Verifying hash & signature. Size= 8773752
2026-02-17 10:26:18 Saving file
